Archive member included to satisfy reference by file (symbol)

c:/gnu_arm_embedded/bin/../lib/gcc/arm-none-eabi/9.2.1/../../../../arm-none-eabi/lib/thumb/v7-m/nofp\libstdc++_nano.a(del_ops.o)
                              CMakeFiles/boot.elf.dir/src/main.cpp.obj (symbol from plugin) (operator delete(void*, unsigned int))
c:/gnu_arm_embedded/bin/../lib/gcc/arm-none-eabi/9.2.1/../../../../arm-none-eabi/lib/thumb/v7-m/nofp\libstdc++_nano.a(del_op.o)
                              c:/gnu_arm_embedded/bin/../lib/gcc/arm-none-eabi/9.2.1/../../../../arm-none-eabi/lib/thumb/v7-m/nofp\libstdc++_nano.a(del_ops.o) (operator delete(void*))
c:/gnu_arm_embedded/bin/../lib/gcc/arm-none-eabi/9.2.1/../../../../arm-none-eabi/lib/thumb/v7-m/nofp\libc_nano.a(lib_a-exit.o)
                              c:/gnu_arm_embedded/bin/../lib/gcc/arm-none-eabi/9.2.1/../../../../arm-none-eabi/lib/thumb/v7-m/nofp/crt0.o (exit)
c:/gnu_arm_embedded/bin/../lib/gcc/arm-none-eabi/9.2.1/../../../../arm-none-eabi/lib/thumb/v7-m/nofp\libc_nano.a(lib_a-impure.o)
                              c:/gnu_arm_embedded/bin/../lib/gcc/arm-none-eabi/9.2.1/../../../../arm-none-eabi/lib/thumb/v7-m/nofp\libc_nano.a(lib_a-exit.o) (_global_impure_ptr)
c:/gnu_arm_embedded/bin/../lib/gcc/arm-none-eabi/9.2.1/../../../../arm-none-eabi/lib/thumb/v7-m/nofp\libc_nano.a(lib_a-init.o)
                              c:/gnu_arm_embedded/bin/../lib/gcc/arm-none-eabi/9.2.1/../../../../arm-none-eabi/lib/thumb/v7-m/nofp/crt0.o (__libc_init_array)
c:/gnu_arm_embedded/bin/../lib/gcc/arm-none-eabi/9.2.1/../../../../arm-none-eabi/lib/thumb/v7-m/nofp\libc_nano.a(lib_a-malloc.o)
                              c:/gnu_arm_embedded/bin/../lib/gcc/arm-none-eabi/9.2.1/../../../../arm-none-eabi/lib/thumb/v7-m/nofp\libstdc++_nano.a(del_op.o) (free)
c:/gnu_arm_embedded/bin/../lib/gcc/arm-none-eabi/9.2.1/../../../../arm-none-eabi/lib/thumb/v7-m/nofp\libc_nano.a(lib_a-memcpy-stub.o)
                              CMakeFiles/boot.elf.dir/src/main.cpp.obj (symbol from plugin) (memcpy)
c:/gnu_arm_embedded/bin/../lib/gcc/arm-none-eabi/9.2.1/../../../../arm-none-eabi/lib/thumb/v7-m/nofp\libc_nano.a(lib_a-memset.o)
                              c:/gnu_arm_embedded/bin/../lib/gcc/arm-none-eabi/9.2.1/../../../../arm-none-eabi/lib/thumb/v7-m/nofp/crt0.o (memset)
c:/gnu_arm_embedded/bin/../lib/gcc/arm-none-eabi/9.2.1/../../../../arm-none-eabi/lib/thumb/v7-m/nofp\libc_nano.a(lib_a-nano-freer.o)
                              c:/gnu_arm_embedded/bin/../lib/gcc/arm-none-eabi/9.2.1/../../../../arm-none-eabi/lib/thumb/v7-m/nofp\libc_nano.a(lib_a-malloc.o) (_free_r)
c:/gnu_arm_embedded/bin/../lib/gcc/arm-none-eabi/9.2.1/../../../../arm-none-eabi/lib/thumb/v7-m/nofp\libc_nano.a(lib_a-nano-mallocr.o)
                              c:/gnu_arm_embedded/bin/../lib/gcc/arm-none-eabi/9.2.1/../../../../arm-none-eabi/lib/thumb/v7-m/nofp\libc_nano.a(lib_a-malloc.o) (_malloc_r)
c:/gnu_arm_embedded/bin/../lib/gcc/arm-none-eabi/9.2.1/../../../../arm-none-eabi/lib/thumb/v7-m/nofp\libc_nano.a(lib_a-sbrkr.o)
                              c:/gnu_arm_embedded/bin/../lib/gcc/arm-none-eabi/9.2.1/../../../../arm-none-eabi/lib/thumb/v7-m/nofp\libc_nano.a(lib_a-nano-mallocr.o) (_sbrk_r)
c:/gnu_arm_embedded/bin/../lib/gcc/arm-none-eabi/9.2.1/../../../../arm-none-eabi/lib/thumb/v7-m/nofp\libc_nano.a(lib_a-mlock.o)
                              c:/gnu_arm_embedded/bin/../lib/gcc/arm-none-eabi/9.2.1/../../../../arm-none-eabi/lib/thumb/v7-m/nofp\libc_nano.a(lib_a-nano-freer.o) (__malloc_lock)
c:/gnu_arm_embedded/bin/../lib/gcc/arm-none-eabi/9.2.1/../../../../arm-none-eabi/lib/thumb/v7-m/nofp\libc_nano.a(lib_a-reent.o)
                              c:/gnu_arm_embedded/bin/../lib/gcc/arm-none-eabi/9.2.1/../../../../arm-none-eabi/lib/thumb/v7-m/nofp\libc_nano.a(lib_a-sbrkr.o) (errno)
c:/gnu_arm_embedded/bin/../lib/gcc/arm-none-eabi/9.2.1/../../../../arm-none-eabi/lib/thumb/v7-m/nofp\libc_nano.a(lib_a-lock.o)
                              c:/gnu_arm_embedded/bin/../lib/gcc/arm-none-eabi/9.2.1/../../../../arm-none-eabi/lib/thumb/v7-m/nofp\libc_nano.a(lib_a-mlock.o) (__retarget_lock_acquire_recursive)
c:/gnu_arm_embedded/bin/../lib/gcc/arm-none-eabi/9.2.1/../../../../arm-none-eabi/lib/thumb/v7-m/nofp\libnosys.a(sbrk.o)
                              c:/gnu_arm_embedded/bin/../lib/gcc/arm-none-eabi/9.2.1/../../../../arm-none-eabi/lib/thumb/v7-m/nofp\libc_nano.a(lib_a-sbrkr.o) (_sbrk)
c:/gnu_arm_embedded/bin/../lib/gcc/arm-none-eabi/9.2.1/../../../../arm-none-eabi/lib/thumb/v7-m/nofp\libnosys.a(_exit.o)
                              c:/gnu_arm_embedded/bin/../lib/gcc/arm-none-eabi/9.2.1/../../../../arm-none-eabi/lib/thumb/v7-m/nofp\libc_nano.a(lib_a-exit.o) (_exit)

Allocating common symbols
Common symbol       size              file

__lock___atexit_recursive_mutex
                    0x1               c:/gnu_arm_embedded/bin/../lib/gcc/arm-none-eabi/9.2.1/../../../../arm-none-eabi/lib/thumb/v7-m/nofp\libc_nano.a(lib_a-lock.o)
__lock___arc4random_mutex
                    0x1               c:/gnu_arm_embedded/bin/../lib/gcc/arm-none-eabi/9.2.1/../../../../arm-none-eabi/lib/thumb/v7-m/nofp\libc_nano.a(lib_a-lock.o)
errno               0x4               c:/gnu_arm_embedded/bin/../lib/gcc/arm-none-eabi/9.2.1/../../../../arm-none-eabi/lib/thumb/v7-m/nofp\libc_nano.a(lib_a-reent.o)
uwTick              0x4               CMakeFiles/boot.elf.dir/system/STM32F1xx_HAL_Driver/Src/stm32f1xx_hal.c.obj (symbol from plugin)
pFlash              0x20              CMakeFiles/boot.elf.dir/system/STM32F1xx_HAL_Driver/Src/stm32f1xx_hal_flash.c.obj (symbol from plugin)
__lock___env_recursive_mutex
                    0x1               c:/gnu_arm_embedded/bin/../lib/gcc/arm-none-eabi/9.2.1/../../../../arm-none-eabi/lib/thumb/v7-m/nofp\libc_nano.a(lib_a-lock.o)
__lock___sinit_recursive_mutex
                    0x1               c:/gnu_arm_embedded/bin/../lib/gcc/arm-none-eabi/9.2.1/../../../../arm-none-eabi/lib/thumb/v7-m/nofp\libc_nano.a(lib_a-lock.o)
__lock___malloc_recursive_mutex
                    0x1               c:/gnu_arm_embedded/bin/../lib/gcc/arm-none-eabi/9.2.1/../../../../arm-none-eabi/lib/thumb/v7-m/nofp\libc_nano.a(lib_a-lock.o)
__lock___at_quick_exit_mutex
                    0x1               c:/gnu_arm_embedded/bin/../lib/gcc/arm-none-eabi/9.2.1/../../../../arm-none-eabi/lib/thumb/v7-m/nofp\libc_nano.a(lib_a-lock.o)
__lock___dd_hash_mutex
                    0x1               c:/gnu_arm_embedded/bin/../lib/gcc/arm-none-eabi/9.2.1/../../../../arm-none-eabi/lib/thumb/v7-m/nofp\libc_nano.a(lib_a-lock.o)
__lock___tz_mutex   0x1               c:/gnu_arm_embedded/bin/../lib/gcc/arm-none-eabi/9.2.1/../../../../arm-none-eabi/lib/thumb/v7-m/nofp\libc_nano.a(lib_a-lock.o)
__lock___sfp_recursive_mutex
                    0x1               c:/gnu_arm_embedded/bin/../lib/gcc/arm-none-eabi/9.2.1/../../../../arm-none-eabi/lib/thumb/v7-m/nofp\libc_nano.a(lib_a-lock.o)

Discarded input sections

 .text          0x00000000        0x0 c:/gnu_arm_embedded/bin/../lib/gcc/arm-none-eabi/9.2.1/thumb/v7-m/nofp/crti.o
 .data          0x00000000        0x0 c:/gnu_arm_embedded/bin/../lib/gcc/arm-none-eabi/9.2.1/thumb/v7-m/nofp/crti.o
 .bss           0x00000000        0x0 c:/gnu_arm_embedded/bin/../lib/gcc/arm-none-eabi/9.2.1/thumb/v7-m/nofp/crti.o
 .data          0x00000000        0x4 c:/gnu_arm_embedded/bin/../lib/gcc/arm-none-eabi/9.2.1/thumb/v7-m/nofp/crtbegin.o
 .text          0x00000000       0x74 c:/gnu_arm_embedded/bin/../lib/gcc/arm-none-eabi/9.2.1/../../../../arm-none-eabi/lib/thumb/v7-m/nofp/crt0.o
 .data          0x00000000        0x0 c:/gnu_arm_embedded/bin/../lib/gcc/arm-none-eabi/9.2.1/../../../../arm-none-eabi/lib/thumb/v7-m/nofp/crt0.o
 .bss           0x00000000        0x0 c:/gnu_arm_embedded/bin/../lib/gcc/arm-none-eabi/9.2.1/../../../../arm-none-eabi/lib/thumb/v7-m/nofp/crt0.o
 .ARM.extab     0x00000000        0x0 c:/gnu_arm_embedded/bin/../lib/gcc/arm-none-eabi/9.2.1/../../../../arm-none-eabi/lib/thumb/v7-m/nofp/crt0.o
 .ARM.exidx     0x00000000        0x8 c:/gnu_arm_embedded/bin/../lib/gcc/arm-none-eabi/9.2.1/../../../../arm-none-eabi/lib/thumb/v7-m/nofp/crt0.o
 .ARM.attributes
                0x00000000       0x1b c:/gnu_arm_embedded/bin/../lib/gcc/arm-none-eabi/9.2.1/../../../../arm-none-eabi/lib/thumb/v7-m/nofp/crt0.o
 .text          0x00000000        0x0 C:\Users\oleg\AppData\Local\Temp\boot.elf.dedcnf.ltrans0.ltrans.o
 .data          0x00000000        0x0 C:\Users\oleg\AppData\Local\Temp\boot.elf.dedcnf.ltrans0.ltrans.o
 .bss           0x00000000        0x0 C:\Users\oleg\AppData\Local\Temp\boot.elf.dedcnf.ltrans0.ltrans.o
 .text._ZN5dev_cD2Ev
                0x00000000        0x2 C:\Users\oleg\AppData\Local\Temp\boot.elf.dedcnf.ltrans0.ltrans.o
 .text._ZN5dev_cD0Ev
                0x00000000        0xe C:\Users\oleg\AppData\Local\Temp\boot.elf.dedcnf.ltrans0.ltrans.o
 .text          0x00000000       0x14 CMakeFiles/boot.elf.dir/system/CMSIS/Device/Source/startup_stm32f103xb.S.obj
 .data          0x00000000        0x0 CMakeFiles/boot.elf.dir/system/CMSIS/Device/Source/startup_stm32f103xb.S.obj
 .bss           0x00000000        0x0 CMakeFiles/boot.elf.dir/system/CMSIS/Device/Source/startup_stm32f103xb.S.obj
 .text          0x00000000        0x0 c:/gnu_arm_embedded/bin/../lib/gcc/arm-none-eabi/9.2.1/../../../../arm-none-eabi/lib/thumb/v7-m/nofp\libstdc++_nano.a(del_ops.o)
 .data          0x00000000        0x0 c:/gnu_arm_embedded/bin/../lib/gcc/arm-none-eabi/9.2.1/../../../../arm-none-eabi/lib/thumb/v7-m/nofp\libstdc++_nano.a(del_ops.o)
 .bss           0x00000000        0x0 c:/gnu_arm_embedded/bin/../lib/gcc/arm-none-eabi/9.2.1/../../../../arm-none-eabi/lib/thumb/v7-m/nofp\libstdc++_nano.a(del_ops.o)
 .text          0x00000000        0x0 c:/gnu_arm_embedded/bin/../lib/gcc/arm-none-eabi/9.2.1/../../../../arm-none-eabi/lib/thumb/v7-m/nofp\libstdc++_nano.a(del_op.o)
 .data          0x00000000        0x0 c:/gnu_arm_embedded/bin/../lib/gcc/arm-none-eabi/9.2.1/../../../../arm-none-eabi/lib/thumb/v7-m/nofp\libstdc++_nano.a(del_op.o)
 .bss           0x00000000        0x0 c:/gnu_arm_embedded/bin/../lib/gcc/arm-none-eabi/9.2.1/../../../../arm-none-eabi/lib/thumb/v7-m/nofp\libstdc++_nano.a(del_op.o)
 .text          0x00000000        0x0 c:/gnu_arm_embedded/bin/../lib/gcc/arm-none-eabi/9.2.1/../../../../arm-none-eabi/lib/thumb/v7-m/nofp\libc_nano.a(lib_a-exit.o)
 .data          0x00000000        0x0 c:/gnu_arm_embedded/bin/../lib/gcc/arm-none-eabi/9.2.1/../../../../arm-none-eabi/lib/thumb/v7-m/nofp\libc_nano.a(lib_a-exit.o)
 .bss           0x00000000        0x0 c:/gnu_arm_embedded/bin/../lib/gcc/arm-none-eabi/9.2.1/../../../../arm-none-eabi/lib/thumb/v7-m/nofp\libc_nano.a(lib_a-exit.o)
 .text.exit     0x00000000       0x28 c:/gnu_arm_embedded/bin/../lib/gcc/arm-none-eabi/9.2.1/../../../../arm-none-eabi/lib/thumb/v7-m/nofp\libc_nano.a(lib_a-exit.o)
 .debug_frame   0x00000000       0x28 c:/gnu_arm_embedded/bin/../lib/gcc/arm-none-eabi/9.2.1/../../../../arm-none-eabi/lib/thumb/v7-m/nofp\libc_nano.a(lib_a-exit.o)
 .ARM.attributes
                0x00000000       0x2d c:/gnu_arm_embedded/bin/../lib/gcc/arm-none-eabi/9.2.1/../../../../arm-none-eabi/lib/thumb/v7-m/nofp\libc_nano.a(lib_a-exit.o)
 .text          0x00000000        0x0 c:/gnu_arm_embedded/bin/../lib/gcc/arm-none-eabi/9.2.1/../../../../arm-none-eabi/lib/thumb/v7-m/nofp\libc_nano.a(lib_a-impure.o)
 .data          0x00000000        0x0 c:/gnu_arm_embedded/bin/../lib/gcc/arm-none-eabi/9.2.1/../../../../arm-none-eabi/lib/thumb/v7-m/nofp\libc_nano.a(lib_a-impure.o)
 .bss           0x00000000        0x0 c:/gnu_arm_embedded/bin/../lib/gcc/arm-none-eabi/9.2.1/../../../../arm-none-eabi/lib/thumb/v7-m/nofp\libc_nano.a(lib_a-impure.o)
 .rodata._global_impure_ptr
                0x00000000        0x4 c:/gnu_arm_embedded/bin/../lib/gcc/arm-none-eabi/9.2.1/../../../../arm-none-eabi/lib/thumb/v7-m/nofp\libc_nano.a(lib_a-impure.o)
 .text          0x00000000        0x0 c:/gnu_arm_embedded/bin/../lib/gcc/arm-none-eabi/9.2.1/../../../../arm-none-eabi/lib/thumb/v7-m/nofp\libc_nano.a(lib_a-init.o)
 .data          0x00000000        0x0 c:/gnu_arm_embedded/bin/../lib/gcc/arm-none-eabi/9.2.1/../../../../arm-none-eabi/lib/thumb/v7-m/nofp\libc_nano.a(lib_a-init.o)
 .bss           0x00000000        0x0 c:/gnu_arm_embedded/bin/../lib/gcc/arm-none-eabi/9.2.1/../../../../arm-none-eabi/lib/thumb/v7-m/nofp\libc_nano.a(lib_a-init.o)
 .text          0x00000000        0x0 c:/gnu_arm_embedded/bin/../lib/gcc/arm-none-eabi/9.2.1/../../../../arm-none-eabi/lib/thumb/v7-m/nofp\libc_nano.a(lib_a-malloc.o)
 .data          0x00000000        0x0 c:/gnu_arm_embedded/bin/../lib/gcc/arm-none-eabi/9.2.1/../../../../arm-none-eabi/lib/thumb/v7-m/nofp\libc_nano.a(lib_a-malloc.o)
 .bss           0x00000000        0x0 c:/gnu_arm_embedded/bin/../lib/gcc/arm-none-eabi/9.2.1/../../../../arm-none-eabi/lib/thumb/v7-m/nofp\libc_nano.a(lib_a-malloc.o)
 .text.malloc   0x00000000       0x10 c:/gnu_arm_embedded/bin/../lib/gcc/arm-none-eabi/9.2.1/../../../../arm-none-eabi/lib/thumb/v7-m/nofp\libc_nano.a(lib_a-malloc.o)
 .text          0x00000000        0x0 c:/gnu_arm_embedded/bin/../lib/gcc/arm-none-eabi/9.2.1/../../../../arm-none-eabi/lib/thumb/v7-m/nofp\libc_nano.a(lib_a-memcpy-stub.o)
 .data          0x00000000        0x0 c:/gnu_arm_embedded/bin/../lib/gcc/arm-none-eabi/9.2.1/../../../../arm-none-eabi/lib/thumb/v7-m/nofp\libc_nano.a(lib_a-memcpy-stub.o)
 .bss           0x00000000        0x0 c:/gnu_arm_embedded/bin/../lib/gcc/arm-none-eabi/9.2.1/../../../../arm-none-eabi/lib/thumb/v7-m/nofp\libc_nano.a(lib_a-memcpy-stub.o)
 .text          0x00000000        0x0 c:/gnu_arm_embedded/bin/../lib/gcc/arm-none-eabi/9.2.1/../../../../arm-none-eabi/lib/thumb/v7-m/nofp\libc_nano.a(lib_a-memset.o)
 .data          0x00000000        0x0 c:/gnu_arm_embedded/bin/../lib/gcc/arm-none-eabi/9.2.1/../../../../arm-none-eabi/lib/thumb/v7-m/nofp\libc_nano.a(lib_a-memset.o)
 .bss           0x00000000        0x0 c:/gnu_arm_embedded/bin/../lib/gcc/arm-none-eabi/9.2.1/../../../../arm-none-eabi/lib/thumb/v7-m/nofp\libc_nano.a(lib_a-memset.o)
 .text.memset   0x00000000       0x10 c:/gnu_arm_embedded/bin/../lib/gcc/arm-none-eabi/9.2.1/../../../../arm-none-eabi/lib/thumb/v7-m/nofp\libc_nano.a(lib_a-memset.o)
 .debug_frame   0x00000000       0x20 c:/gnu_arm_embedded/bin/../lib/gcc/arm-none-eabi/9.2.1/../../../../arm-none-eabi/lib/thumb/v7-m/nofp\libc_nano.a(lib_a-memset.o)
 .ARM.attributes
                0x00000000       0x2d c:/gnu_arm_embedded/bin/../lib/gcc/arm-none-eabi/9.2.1/../../../../arm-none-eabi/lib/thumb/v7-m/nofp\libc_nano.a(lib_a-memset.o)
 .text          0x00000000        0x0 c:/gnu_arm_embedded/bin/../lib/gcc/arm-none-eabi/9.2.1/../../../../arm-none-eabi/lib/thumb/v7-m/nofp\libc_nano.a(lib_a-nano-freer.o)
 .data          0x00000000        0x0 c:/gnu_arm_embedded/bin/../lib/gcc/arm-none-eabi/9.2.1/../../../../arm-none-eabi/lib/thumb/v7-m/nofp\libc_nano.a(lib_a-nano-freer.o)
 .bss           0x00000000        0x0 c:/gnu_arm_embedded/bin/../lib/gcc/arm-none-eabi/9.2.1/../../../../arm-none-eabi/lib/thumb/v7-m/nofp\libc_nano.a(lib_a-nano-freer.o)
 .text          0x00000000        0x0 c:/gnu_arm_embedded/bin/../lib/gcc/arm-none-eabi/9.2.1/../../../../arm-none-eabi/lib/thumb/v7-m/nofp\libc_nano.a(lib_a-nano-mallocr.o)
 .data          0x00000000        0x0 c:/gnu_arm_embedded/bin/../lib/gcc/arm-none-eabi/9.2.1/../../../../arm-none-eabi/lib/thumb/v7-m/nofp\libc_nano.a(lib_a-nano-mallocr.o)
 .bss           0x00000000        0x0 c:/gnu_arm_embedded/bin/../lib/gcc/arm-none-eabi/9.2.1/../../../../arm-none-eabi/lib/thumb/v7-m/nofp\libc_nano.a(lib_a-nano-mallocr.o)
 .text._malloc_r
                0x00000000       0xb4 c:/gnu_arm_embedded/bin/../lib/gcc/arm-none-eabi/9.2.1/../../../../arm-none-eabi/lib/thumb/v7-m/nofp\libc_nano.a(lib_a-nano-mallocr.o)
 .bss.__malloc_sbrk_start
                0x00000000        0x4 c:/gnu_arm_embedded/bin/../lib/gcc/arm-none-eabi/9.2.1/../../../../arm-none-eabi/lib/thumb/v7-m/nofp\libc_nano.a(lib_a-nano-mallocr.o)
 .text          0x00000000        0x0 c:/gnu_arm_embedded/bin/../lib/gcc/arm-none-eabi/9.2.1/../../../../arm-none-eabi/lib/thumb/v7-m/nofp\libc_nano.a(lib_a-sbrkr.o)
 .data          0x00000000        0x0 c:/gnu_arm_embedded/bin/../lib/gcc/arm-none-eabi/9.2.1/../../../../arm-none-eabi/lib/thumb/v7-m/nofp\libc_nano.a(lib_a-sbrkr.o)
 .bss           0x00000000        0x0 c:/gnu_arm_embedded/bin/../lib/gcc/arm-none-eabi/9.2.1/../../../../arm-none-eabi/lib/thumb/v7-m/nofp\libc_nano.a(lib_a-sbrkr.o)
 .text._sbrk_r  0x00000000       0x20 c:/gnu_arm_embedded/bin/../lib/gcc/arm-none-eabi/9.2.1/../../../../arm-none-eabi/lib/thumb/v7-m/nofp\libc_nano.a(lib_a-sbrkr.o)
 .debug_frame   0x00000000       0x2c c:/gnu_arm_embedded/bin/../lib/gcc/arm-none-eabi/9.2.1/../../../../arm-none-eabi/lib/thumb/v7-m/nofp\libc_nano.a(lib_a-sbrkr.o)
 .ARM.attributes
                0x00000000       0x2d c:/gnu_arm_embedded/bin/../lib/gcc/arm-none-eabi/9.2.1/../../../../arm-none-eabi/lib/thumb/v7-m/nofp\libc_nano.a(lib_a-sbrkr.o)
 .text          0x00000000        0x0 c:/gnu_arm_embedded/bin/../lib/gcc/arm-none-eabi/9.2.1/../../../../arm-none-eabi/lib/thumb/v7-m/nofp\libc_nano.a(lib_a-mlock.o)
 .data          0x00000000        0x0 c:/gnu_arm_embedded/bin/../lib/gcc/arm-none-eabi/9.2.1/../../../../arm-none-eabi/lib/thumb/v7-m/nofp\libc_nano.a(lib_a-mlock.o)
 .bss           0x00000000        0x0 c:/gnu_arm_embedded/bin/../lib/gcc/arm-none-eabi/9.2.1/../../../../arm-none-eabi/lib/thumb/v7-m/nofp\libc_nano.a(lib_a-mlock.o)
 .text          0x00000000        0x0 c:/gnu_arm_embedded/bin/../lib/gcc/arm-none-eabi/9.2.1/../../../../arm-none-eabi/lib/thumb/v7-m/nofp\libc_nano.a(lib_a-reent.o)
 .data          0x00000000        0x0 c:/gnu_arm_embedded/bin/../lib/gcc/arm-none-eabi/9.2.1/../../../../arm-none-eabi/lib/thumb/v7-m/nofp\libc_nano.a(lib_a-reent.o)
 .bss           0x00000000        0x0 c:/gnu_arm_embedded/bin/../lib/gcc/arm-none-eabi/9.2.1/../../../../arm-none-eabi/lib/thumb/v7-m/nofp\libc_nano.a(lib_a-reent.o)
 .text.cleanup_glue
                0x00000000       0x1a c:/gnu_arm_embedded/bin/../lib/gcc/arm-none-eabi/9.2.1/../../../../arm-none-eabi/lib/thumb/v7-m/nofp\libc_nano.a(lib_a-reent.o)
 .text._reclaim_reent
                0x00000000       0xb8 c:/gnu_arm_embedded/bin/../lib/gcc/arm-none-eabi/9.2.1/../../../../arm-none-eabi/lib/thumb/v7-m/nofp\libc_nano.a(lib_a-reent.o)
 .debug_frame   0x00000000       0x5c c:/gnu_arm_embedded/bin/../lib/gcc/arm-none-eabi/9.2.1/../../../../arm-none-eabi/lib/thumb/v7-m/nofp\libc_nano.a(lib_a-reent.o)
 .ARM.attributes
                0x00000000       0x2d c:/gnu_arm_embedded/bin/../lib/gcc/arm-none-eabi/9.2.1/../../../../arm-none-eabi/lib/thumb/v7-m/nofp\libc_nano.a(lib_a-reent.o)
 COMMON         0x00000000        0x4 c:/gnu_arm_embedded/bin/../lib/gcc/arm-none-eabi/9.2.1/../../../../arm-none-eabi/lib/thumb/v7-m/nofp\libc_nano.a(lib_a-reent.o)
 .text          0x00000000        0x0 c:/gnu_arm_embedded/bin/../lib/gcc/arm-none-eabi/9.2.1/../../../../arm-none-eabi/lib/thumb/v7-m/nofp\libc_nano.a(lib_a-lock.o)
 .data          0x00000000        0x0 c:/gnu_arm_embedded/bin/../lib/gcc/arm-none-eabi/9.2.1/../../../../arm-none-eabi/lib/thumb/v7-m/nofp\libc_nano.a(lib_a-lock.o)
 .bss           0x00000000        0x0 c:/gnu_arm_embedded/bin/../lib/gcc/arm-none-eabi/9.2.1/../../../../arm-none-eabi/lib/thumb/v7-m/nofp\libc_nano.a(lib_a-lock.o)
 .text.__retarget_lock_init
                0x00000000        0x2 c:/gnu_arm_embedded/bin/../lib/gcc/arm-none-eabi/9.2.1/../../../../arm-none-eabi/lib/thumb/v7-m/nofp\libc_nano.a(lib_a-lock.o)
 .text.__retarget_lock_init_recursive
                0x00000000        0x2 c:/gnu_arm_embedded/bin/../lib/gcc/arm-none-eabi/9.2.1/../../../../arm-none-eabi/lib/thumb/v7-m/nofp\libc_nano.a(lib_a-lock.o)
 .text.__retarget_lock_close
                0x00000000        0x2 c:/gnu_arm_embedded/bin/../lib/gcc/arm-none-eabi/9.2.1/../../../../arm-none-eabi/lib/thumb/v7-m/nofp\libc_nano.a(lib_a-lock.o)
 .text.__retarget_lock_close_recursive
                0x00000000        0x2 c:/gnu_arm_embedded/bin/../lib/gcc/arm-none-eabi/9.2.1/../../../../arm-none-eabi/lib/thumb/v7-m/nofp\libc_nano.a(lib_a-lock.o)
 .text.__retarget_lock_acquire
                0x00000000        0x2 c:/gnu_arm_embedded/bin/../lib/gcc/arm-none-eabi/9.2.1/../../../../arm-none-eabi/lib/thumb/v7-m/nofp\libc_nano.a(lib_a-lock.o)
 .text.__retarget_lock_try_acquire
                0x00000000        0x4 c:/gnu_arm_embedded/bin/../lib/gcc/arm-none-eabi/9.2.1/../../../../arm-none-eabi/lib/thumb/v7-m/nofp\libc_nano.a(lib_a-lock.o)
 .text.__retarget_lock_try_acquire_recursive
                0x00000000        0x4 c:/gnu_arm_embedded/bin/../lib/gcc/arm-none-eabi/9.2.1/../../../../arm-none-eabi/lib/thumb/v7-m/nofp\libc_nano.a(lib_a-lock.o)
 .text.__retarget_lock_release
                0x00000000        0x2 c:/gnu_arm_embedded/bin/../lib/gcc/arm-none-eabi/9.2.1/../../../../arm-none-eabi/lib/thumb/v7-m/nofp\libc_nano.a(lib_a-lock.o)
 .text          0x00000000        0x0 c:/gnu_arm_embedded/bin/../lib/gcc/arm-none-eabi/9.2.1/../../../../arm-none-eabi/lib/thumb/v7-m/nofp\libnosys.a(sbrk.o)
 .data          0x00000000        0x0 c:/gnu_arm_embedded/bin/../lib/gcc/arm-none-eabi/9.2.1/../../../../arm-none-eabi/lib/thumb/v7-m/nofp\libnosys.a(sbrk.o)
 .bss           0x00000000        0x0 c:/gnu_arm_embedded/bin/../lib/gcc/arm-none-eabi/9.2.1/../../../../arm-none-eabi/lib/thumb/v7-m/nofp\libnosys.a(sbrk.o)
 .text._sbrk    0x00000000       0x1c c:/gnu_arm_embedded/bin/../lib/gcc/arm-none-eabi/9.2.1/../../../../arm-none-eabi/lib/thumb/v7-m/nofp\libnosys.a(sbrk.o)
 .bss.heap_end.4144
                0x00000000        0x4 c:/gnu_arm_embedded/bin/../lib/gcc/arm-none-eabi/9.2.1/../../../../arm-none-eabi/lib/thumb/v7-m/nofp\libnosys.a(sbrk.o)
 .debug_frame   0x00000000       0x20 c:/gnu_arm_embedded/bin/../lib/gcc/arm-none-eabi/9.2.1/../../../../arm-none-eabi/lib/thumb/v7-m/nofp\libnosys.a(sbrk.o)
 .ARM.attributes
                0x00000000       0x2d c:/gnu_arm_embedded/bin/../lib/gcc/arm-none-eabi/9.2.1/../../../../arm-none-eabi/lib/thumb/v7-m/nofp\libnosys.a(sbrk.o)
 .text          0x00000000        0x0 c:/gnu_arm_embedded/bin/../lib/gcc/arm-none-eabi/9.2.1/../../../../arm-none-eabi/lib/thumb/v7-m/nofp\libnosys.a(_exit.o)
 .data          0x00000000        0x0 c:/gnu_arm_embedded/bin/../lib/gcc/arm-none-eabi/9.2.1/../../../../arm-none-eabi/lib/thumb/v7-m/nofp\libnosys.a(_exit.o)
 .bss           0x00000000        0x0 c:/gnu_arm_embedded/bin/../lib/gcc/arm-none-eabi/9.2.1/../../../../arm-none-eabi/lib/thumb/v7-m/nofp\libnosys.a(_exit.o)
 .text._exit    0x00000000        0x4 c:/gnu_arm_embedded/bin/../lib/gcc/arm-none-eabi/9.2.1/../../../../arm-none-eabi/lib/thumb/v7-m/nofp\libnosys.a(_exit.o)
 .debug_frame   0x00000000       0x20 c:/gnu_arm_embedded/bin/../lib/gcc/arm-none-eabi/9.2.1/../../../../arm-none-eabi/lib/thumb/v7-m/nofp\libnosys.a(_exit.o)
 .ARM.attributes
                0x00000000       0x2d c:/gnu_arm_embedded/bin/../lib/gcc/arm-none-eabi/9.2.1/../../../../arm-none-eabi/lib/thumb/v7-m/nofp\libnosys.a(_exit.o)
 .text          0x00000000        0x0 c:/gnu_arm_embedded/bin/../lib/gcc/arm-none-eabi/9.2.1/thumb/v7-m/nofp/crtend.o
 .data          0x00000000        0x0 c:/gnu_arm_embedded/bin/../lib/gcc/arm-none-eabi/9.2.1/thumb/v7-m/nofp/crtend.o
 .bss           0x00000000        0x0 c:/gnu_arm_embedded/bin/../lib/gcc/arm-none-eabi/9.2.1/thumb/v7-m/nofp/crtend.o
 .eh_frame      0x00000000        0x4 c:/gnu_arm_embedded/bin/../lib/gcc/arm-none-eabi/9.2.1/thumb/v7-m/nofp/crtend.o
 .ARM.attributes
                0x00000000       0x2d c:/gnu_arm_embedded/bin/../lib/gcc/arm-none-eabi/9.2.1/thumb/v7-m/nofp/crtend.o
 .text          0x00000000        0x0 c:/gnu_arm_embedded/bin/../lib/gcc/arm-none-eabi/9.2.1/thumb/v7-m/nofp/crtn.o
 .data          0x00000000        0x0 c:/gnu_arm_embedded/bin/../lib/gcc/arm-none-eabi/9.2.1/thumb/v7-m/nofp/crtn.o
 .bss           0x00000000        0x0 c:/gnu_arm_embedded/bin/../lib/gcc/arm-none-eabi/9.2.1/thumb/v7-m/nofp/crtn.o

Memory Configuration

Name             Origin             Length             Attributes
RAM              0x20000000         0x00005000         xrw
FLASH            0x08000000         0x00002000         xr
PROG             0x08002000         0x0001e000         xr
*default*        0x00000000         0xffffffff

Linker script and memory map

LOAD c:/gnu_arm_embedded/bin/../lib/gcc/arm-none-eabi/9.2.1/thumb/v7-m/nofp/crti.o
LOAD c:/gnu_arm_embedded/bin/../lib/gcc/arm-none-eabi/9.2.1/thumb/v7-m/nofp/crtbegin.o
LOAD c:/gnu_arm_embedded/bin/../lib/gcc/arm-none-eabi/9.2.1/../../../../arm-none-eabi/lib/thumb/v7-m/nofp/crt0.o
LOAD C:\Users\oleg\AppData\Local\Temp\boot.elf.dedcnf.ltrans0.ltrans.o
LOAD CMakeFiles/boot.elf.dir/system/CMSIS/Device/Source/startup_stm32f103xb.S.obj
LOAD c:/gnu_arm_embedded/bin/../lib/gcc/arm-none-eabi/9.2.1/../../../../arm-none-eabi/lib/thumb/v7-m/nofp\libstdc++_nano.a
LOAD c:/gnu_arm_embedded/bin/../lib/gcc/arm-none-eabi/9.2.1/../../../../arm-none-eabi/lib/thumb/v7-m/nofp\libm.a
START GROUP
LOAD c:/gnu_arm_embedded/bin/../lib/gcc/arm-none-eabi/9.2.1/thumb/v7-m/nofp\libgcc.a
LOAD c:/gnu_arm_embedded/bin/../lib/gcc/arm-none-eabi/9.2.1/../../../../arm-none-eabi/lib/thumb/v7-m/nofp\libc_nano.a
END GROUP
START GROUP
LOAD c:/gnu_arm_embedded/bin/../lib/gcc/arm-none-eabi/9.2.1/thumb/v7-m/nofp\libgcc.a
LOAD c:/gnu_arm_embedded/bin/../lib/gcc/arm-none-eabi/9.2.1/../../../../arm-none-eabi/lib/thumb/v7-m/nofp\libc_nano.a
LOAD c:/gnu_arm_embedded/bin/../lib/gcc/arm-none-eabi/9.2.1/../../../../arm-none-eabi/lib/thumb/v7-m/nofp\libnosys.a
END GROUP
START GROUP
LOAD c:/gnu_arm_embedded/bin/../lib/gcc/arm-none-eabi/9.2.1/thumb/v7-m/nofp\libgcc.a
LOAD c:/gnu_arm_embedded/bin/../lib/gcc/arm-none-eabi/9.2.1/../../../../arm-none-eabi/lib/thumb/v7-m/nofp\libc_nano.a
LOAD c:/gnu_arm_embedded/bin/../lib/gcc/arm-none-eabi/9.2.1/../../../../arm-none-eabi/lib/thumb/v7-m/nofp\libnosys.a
END GROUP
LOAD c:/gnu_arm_embedded/bin/../lib/gcc/arm-none-eabi/9.2.1/thumb/v7-m/nofp/crtend.o
LOAD c:/gnu_arm_embedded/bin/../lib/gcc/arm-none-eabi/9.2.1/thumb/v7-m/nofp/crtn.o
                0x20005000                _estack = 0x20005000
                0x00000200                _Min_Heap_Size = 0x200
                0x00000400                _Min_Stack_Size = 0x400

.isr_vector_prog
                0x08002000        0x0
                0x08002000                . = ALIGN (0x4)
                0x08002000                _isr_vector_prog = .
 *(.isr_vector_prog)
                0x08002000                . = ALIGN (0x4)

.isr_vector     0x08000000      0x10c
                0x08000000                . = ALIGN (0x4)
 *(.isr_vector)
 .isr_vector    0x08000000      0x10c CMakeFiles/boot.elf.dir/system/CMSIS/Device/Source/startup_stm32f103xb.S.obj
                0x08000000                g_pfnVectors
                0x0800010c                . = ALIGN (0x4)

.text           0x0800010c      0x9b4
                0x0800010c                . = ALIGN (0x4)
 *(.text)
 .text          0x0800010c       0x40 c:/gnu_arm_embedded/bin/../lib/gcc/arm-none-eabi/9.2.1/thumb/v7-m/nofp/crtbegin.o
 *(.text*)
 .text.FLASH_WaitForLastOperation.constprop.0
                0x0800014c       0x90 C:\Users\oleg\AppData\Local\Temp\boot.elf.dedcnf.ltrans0.ltrans.o
 .text._ZN6uart_cIL10uart_num_e1073760256ELt256EL11uart_mode_e1EL10uart_txe_e1EL14uart_txe_num_e1073811456ELm69206048EE5writeEPKvt.constprop.0
                0x080001dc       0x6c C:\Users\oleg\AppData\Local\Temp\boot.elf.dedcnf.ltrans0.ltrans.o
 .text._ZN6uart_cIL10uart_num_e1073760256ELt256EL11uart_mode_e1EL10uart_txe_e1EL14uart_txe_num_e1073811456ELm69206048EED2Ev
                0x08000248        0x2 C:\Users\oleg\AppData\Local\Temp\boot.elf.dedcnf.ltrans0.ltrans.o
 *fill*         0x0800024a        0x2 
 .text.LL_APB2_GRP1_EnableClock.lto_priv.0
                0x0800024c       0x1c C:\Users\oleg\AppData\Local\Temp\boot.elf.dedcnf.ltrans0.ltrans.o
 .text._ZN7flash_cD2Ev
                0x08000268        0x2 C:\Users\oleg\AppData\Local\Temp\boot.elf.dedcnf.ltrans0.ltrans.o
 .text._Z5crc16Pht
                0x0800026a       0x2e C:\Users\oleg\AppData\Local\Temp\boot.elf.dedcnf.ltrans0.ltrans.o
 .text._ZN5dev_c5beginEv
                0x08000298        0x2 C:\Users\oleg\AppData\Local\Temp\boot.elf.dedcnf.ltrans0.ltrans.o
 *fill*         0x0800029a        0x2 
 .text._ZN6uart_cIL10uart_num_e1073760256ELt256EL11uart_mode_e1EL10uart_txe_e1EL14uart_txe_num_e1073811456ELm69206048EE3endEv
                0x0800029c       0x44 C:\Users\oleg\AppData\Local\Temp\boot.elf.dedcnf.ltrans0.ltrans.o
 .text.LL_GPIO_Init
                0x080002e0       0xe6 C:\Users\oleg\AppData\Local\Temp\boot.elf.dedcnf.ltrans0.ltrans.o
 *fill*         0x080003c6        0x2 
 .text._ZN6uart_cIL10uart_num_e1073760256ELt256EL11uart_mode_e1EL10uart_txe_e1EL14uart_txe_num_e1073811456ELm69206048EE5beginEv
                0x080003c8      0x160 C:\Users\oleg\AppData\Local\Temp\boot.elf.dedcnf.ltrans0.ltrans.o
 .text._ZN6uart_cIL10uart_num_e1073760256ELt256EL11uart_mode_e1EL10uart_txe_e1EL14uart_txe_num_e1073811456ELm69206048EED0Ev
                0x08000528        0xe C:\Users\oleg\AppData\Local\Temp\boot.elf.dedcnf.ltrans0.ltrans.o
 .text._ZN7flash_cD0Ev
                0x08000536        0xe C:\Users\oleg\AppData\Local\Temp\boot.elf.dedcnf.ltrans0.ltrans.o
 .text._Z4Loopv
                0x08000544      0x23c C:\Users\oleg\AppData\Local\Temp\boot.elf.dedcnf.ltrans0.ltrans.o
 .text.startup._GLOBAL__I_65535_0_main.cpp.obj.4958
                0x08000780       0x4c C:\Users\oleg\AppData\Local\Temp\boot.elf.dedcnf.ltrans0.ltrans.o
 .text.startup.main
                0x080007cc       0xf0 C:\Users\oleg\AppData\Local\Temp\boot.elf.dedcnf.ltrans0.ltrans.o
                0x080007cc                main
 .text.SystemInit
                0x080008bc       0x4c C:\Users\oleg\AppData\Local\Temp\boot.elf.dedcnf.ltrans0.ltrans.o
                0x080008bc                SystemInit
 .text.Goto_Main_Prog
                0x08000908       0x24 C:\Users\oleg\AppData\Local\Temp\boot.elf.dedcnf.ltrans0.ltrans.o
                0x08000908                Goto_Main_Prog
 .text.Reset_Handler
                0x0800092c       0x48 CMakeFiles/boot.elf.dir/system/CMSIS/Device/Source/startup_stm32f103xb.S.obj
                0x0800092c                Reset_Handler
 .text.Default_Handler
                0x08000974        0x4 CMakeFiles/boot.elf.dir/system/CMSIS/Device/Source/startup_stm32f103xb.S.obj
                0x08000974                RTC_Alarm_IRQHandler
                0x08000974                EXTI2_IRQHandler
                0x08000974                DebugMon_Handler
                0x08000974                TIM1_CC_IRQHandler
                0x08000974                HardFault_Handler
                0x08000974                SysTick_Handler
                0x08000974                PVD_IRQHandler
                0x08000974                PendSV_Handler
                0x08000974                NMI_Handler
                0x08000974                EXTI3_IRQHandler
                0x08000974                EXTI0_IRQHandler
                0x08000974                I2C2_EV_IRQHandler
                0x08000974                UsageFault_Handler
                0x08000974                ADC1_2_IRQHandler
                0x08000974                SPI1_IRQHandler
                0x08000974                TAMPER_IRQHandler
                0x08000974                DMA1_Channel4_IRQHandler
                0x08000974                USART3_IRQHandler
                0x08000974                RTC_IRQHandler
                0x08000974                DMA1_Channel7_IRQHandler
                0x08000974                CAN1_RX1_IRQHandler
                0x08000974                TIM4_IRQHandler
                0x08000974                I2C1_EV_IRQHandler
                0x08000974                DMA1_Channel6_IRQHandler
                0x08000974                TIM3_IRQHandler
                0x08000974                RCC_IRQHandler
                0x08000974                TIM1_TRG_COM_IRQHandler
                0x08000974                DMA1_Channel1_IRQHandler
                0x08000974                Default_Handler
                0x08000974                EXTI15_10_IRQHandler
                0x08000974                EXTI9_5_IRQHandler
                0x08000974                SPI2_IRQHandler
                0x08000974                MemManage_Handler
                0x08000974                SVC_Handler
                0x08000974                DMA1_Channel5_IRQHandler
                0x08000974                EXTI4_IRQHandler
                0x08000974                USB_LP_CAN1_RX0_IRQHandler
                0x08000974                USB_HP_CAN1_TX_IRQHandler
                0x08000974                DMA1_Channel3_IRQHandler
                0x08000974                TIM1_UP_IRQHandler
                0x08000974                WWDG_IRQHandler
                0x08000974                TIM2_IRQHandler
                0x08000974                TIM1_BRK_IRQHandler
                0x08000974                EXTI1_IRQHandler
                0x08000974                USART2_IRQHandler
                0x08000974                I2C2_ER_IRQHandler
                0x08000974                DMA1_Channel2_IRQHandler
                0x08000974                CAN1_SCE_IRQHandler
                0x08000974                FLASH_IRQHandler
                0x08000974                BusFault_Handler
                0x08000974                USART1_IRQHandler
                0x08000974                I2C1_ER_IRQHandler
                0x08000974                USBWakeUp_IRQHandler
 .text._ZdlPvj  0x08000978        0x4 c:/gnu_arm_embedded/bin/../lib/gcc/arm-none-eabi/9.2.1/../../../../arm-none-eabi/lib/thumb/v7-m/nofp\libstdc++_nano.a(del_ops.o)
                0x08000978                operator delete(void*, unsigned int)
 .text._ZdlPv   0x0800097c        0x4 c:/gnu_arm_embedded/bin/../lib/gcc/arm-none-eabi/9.2.1/../../../../arm-none-eabi/lib/thumb/v7-m/nofp\libstdc++_nano.a(del_op.o)
                0x0800097c                operator delete(void*)
 .text.__libc_init_array
                0x08000980       0x48 c:/gnu_arm_embedded/bin/../lib/gcc/arm-none-eabi/9.2.1/../../../../arm-none-eabi/lib/thumb/v7-m/nofp\libc_nano.a(lib_a-init.o)
                0x08000980                __libc_init_array
 .text.free     0x080009c8       0x10 c:/gnu_arm_embedded/bin/../lib/gcc/arm-none-eabi/9.2.1/../../../../arm-none-eabi/lib/thumb/v7-m/nofp\libc_nano.a(lib_a-malloc.o)
                0x080009c8                free
 .text.memcpy   0x080009d8       0x1c c:/gnu_arm_embedded/bin/../lib/gcc/arm-none-eabi/9.2.1/../../../../arm-none-eabi/lib/thumb/v7-m/nofp\libc_nano.a(lib_a-memcpy-stub.o)
                0x080009d8                memcpy
 .text._free_r  0x080009f4       0x98 c:/gnu_arm_embedded/bin/../lib/gcc/arm-none-eabi/9.2.1/../../../../arm-none-eabi/lib/thumb/v7-m/nofp\libc_nano.a(lib_a-nano-freer.o)
                0x080009f4                _free_r
 .text.__malloc_lock
                0x08000a8c        0xc c:/gnu_arm_embedded/bin/../lib/gcc/arm-none-eabi/9.2.1/../../../../arm-none-eabi/lib/thumb/v7-m/nofp\libc_nano.a(lib_a-mlock.o)
                0x08000a8c                __malloc_lock
 .text.__malloc_unlock
                0x08000a98        0xc c:/gnu_arm_embedded/bin/../lib/gcc/arm-none-eabi/9.2.1/../../../../arm-none-eabi/lib/thumb/v7-m/nofp\libc_nano.a(lib_a-mlock.o)
                0x08000a98                __malloc_unlock
 .text.__retarget_lock_acquire_recursive
                0x08000aa4        0x2 c:/gnu_arm_embedded/bin/../lib/gcc/arm-none-eabi/9.2.1/../../../../arm-none-eabi/lib/thumb/v7-m/nofp\libc_nano.a(lib_a-lock.o)
                0x08000aa4                __retarget_lock_acquire_recursive
 .text.__retarget_lock_release_recursive
                0x08000aa6        0x2 c:/gnu_arm_embedded/bin/../lib/gcc/arm-none-eabi/9.2.1/../../../../arm-none-eabi/lib/thumb/v7-m/nofp\libc_nano.a(lib_a-lock.o)
                0x08000aa6                __retarget_lock_release_recursive
 *(.glue_7)
 .glue_7        0x08000aa8        0x0 linker stubs
 *(.glue_7t)
 .glue_7t       0x08000aa8        0x0 linker stubs
 *(.eh_frame)
 .eh_frame      0x08000aa8        0x0 c:/gnu_arm_embedded/bin/../lib/gcc/arm-none-eabi/9.2.1/thumb/v7-m/nofp/crtbegin.o
 *(.init)
 .init          0x08000aa8        0x4 c:/gnu_arm_embedded/bin/../lib/gcc/arm-none-eabi/9.2.1/thumb/v7-m/nofp/crti.o
                0x08000aa8                _init
 .init          0x08000aac        0x8 c:/gnu_arm_embedded/bin/../lib/gcc/arm-none-eabi/9.2.1/thumb/v7-m/nofp/crtn.o
 *(.fini)
 .fini          0x08000ab4        0x4 c:/gnu_arm_embedded/bin/../lib/gcc/arm-none-eabi/9.2.1/thumb/v7-m/nofp/crti.o
                0x08000ab4                _fini
 .fini          0x08000ab8        0x8 c:/gnu_arm_embedded/bin/../lib/gcc/arm-none-eabi/9.2.1/thumb/v7-m/nofp/crtn.o
                0x08000ac0                . = ALIGN (0x4)
                0x08000ac0                _etext = .

.vfp11_veneer   0x08000ac0        0x0
 .vfp11_veneer  0x08000ac0        0x0 linker stubs

.v4_bx          0x08000ac0        0x0
 .v4_bx         0x08000ac0        0x0 linker stubs

.iplt           0x08000ac0        0x0
 .iplt          0x08000ac0        0x0 c:/gnu_arm_embedded/bin/../lib/gcc/arm-none-eabi/9.2.1/thumb/v7-m/nofp/crtbegin.o

.rodata         0x08000ac0       0x58
                0x08000ac0                . = ALIGN (0x4)
 *(.rodata)
 *(.rodata*)
 .rodata.AHBPrescTable
                0x08000ac0       0x10 C:\Users\oleg\AppData\Local\Temp\boot.elf.dedcnf.ltrans0.ltrans.o
 .rodata.APBPrescTable
                0x08000ad0        0x8 C:\Users\oleg\AppData\Local\Temp\boot.elf.dedcnf.ltrans0.ltrans.o
 .rodata._ZTV6uart_cIL10uart_num_e1073760256ELt256EL11uart_mode_e1EL10uart_txe_e1EL14uart_txe_num_e1073811456ELm69206048EE
                0x08000ad8       0x20 C:\Users\oleg\AppData\Local\Temp\boot.elf.dedcnf.ltrans0.ltrans.o
 .rodata._ZTV7flash_c
                0x08000af8       0x20 C:\Users\oleg\AppData\Local\Temp\boot.elf.dedcnf.ltrans0.ltrans.o
                0x08000b18                . = ALIGN (0x4)

.rel.dyn        0x08000b18        0x0
 .rel.iplt      0x08000b18        0x0 c:/gnu_arm_embedded/bin/../lib/gcc/arm-none-eabi/9.2.1/thumb/v7-m/nofp/crtbegin.o

.ARM.extab
 *(.ARM.extab* .gnu.linkonce.armextab.*)

.ARM            0x08000b18        0x0
                0x08000b18                __exidx_start = .
 *(.ARM.exidx*)
                0x08000b18                __exidx_end = .

.preinit_array  0x08000b18        0x0
                0x08000b18                PROVIDE (__preinit_array_start = .)
 *(.preinit_array*)
                0x08000b18                PROVIDE (__preinit_array_end = .)

.init_array     0x08000b18        0x8
                0x08000b18                PROVIDE (__init_array_start = .)
 *(SORT_BY_NAME(.init_array.*))
 *(.init_array*)
 .init_array    0x08000b18        0x4 c:/gnu_arm_embedded/bin/../lib/gcc/arm-none-eabi/9.2.1/thumb/v7-m/nofp/crtbegin.o
 .init_array    0x08000b1c        0x4 C:\Users\oleg\AppData\Local\Temp\boot.elf.dedcnf.ltrans0.ltrans.o
                0x08000b20                PROVIDE (__init_array_end = .)

.fini_array     0x08000b20        0x4
                [!provide]                PROVIDE (__fini_array_start = .)
 *(SORT_BY_NAME(.fini_array.*))
 *(.fini_array*)
 .fini_array    0x08000b20        0x4 c:/gnu_arm_embedded/bin/../lib/gcc/arm-none-eabi/9.2.1/thumb/v7-m/nofp/crtbegin.o
                [!provide]                PROVIDE (__fini_array_end = .)
                0x08000b24                _sidata = LOADADDR (.data)

.data           0x20000000       0x64 load address 0x08000b24
                0x20000000                . = ALIGN (0x4)
                0x20000000                _sdata = .
 *(.data)
 *(.data*)
 .data._impure_ptr
                0x20000000        0x4 c:/gnu_arm_embedded/bin/../lib/gcc/arm-none-eabi/9.2.1/../../../../arm-none-eabi/lib/thumb/v7-m/nofp\libc_nano.a(lib_a-impure.o)
                0x20000000                _impure_ptr
 .data.impure_data
                0x20000004       0x60 c:/gnu_arm_embedded/bin/../lib/gcc/arm-none-eabi/9.2.1/../../../../arm-none-eabi/lib/thumb/v7-m/nofp\libc_nano.a(lib_a-impure.o)
                0x20000064                . = ALIGN (0x4)
                0x20000064                _edata = .

.igot.plt       0x20000064        0x0 load address 0x08000b88
 .igot.plt      0x20000064        0x0 c:/gnu_arm_embedded/bin/../lib/gcc/arm-none-eabi/9.2.1/thumb/v7-m/nofp/crtbegin.o
                0x20000064                . = ALIGN (0x4)

.bss            0x20000068       0xac load address 0x08000b88
                0x20000068                _sbss = .
                0x20000068                __bss_start__ = _sbss
 *(.bss)
 .bss           0x20000068       0x1c c:/gnu_arm_embedded/bin/../lib/gcc/arm-none-eabi/9.2.1/thumb/v7-m/nofp/crtbegin.o
 *(.bss*)
 .bss.Serial3   0x20000084        0xc C:\Users\oleg\AppData\Local\Temp\boot.elf.dedcnf.ltrans0.ltrans.o
 .bss._ZN10dev_root_c3cntE
                0x20000090        0x1 C:\Users\oleg\AppData\Local\Temp\boot.elf.dedcnf.ltrans0.ltrans.o
 *fill*         0x20000091        0x3 
 .bss._ZN10dev_root_c4devsE
                0x20000094       0x40 C:\Users\oleg\AppData\Local\Temp\boot.elf.dedcnf.ltrans0.ltrans.o
 .bss.flash     0x200000d4        0x8 C:\Users\oleg\AppData\Local\Temp\boot.elf.dedcnf.ltrans0.ltrans.o
 *fill*         0x200000dc        0x4 
 .bss.pFlash    0x200000e0       0x20 C:\Users\oleg\AppData\Local\Temp\boot.elf.dedcnf.ltrans0.ltrans.o
 .bss.uwTick    0x20000100        0x4 C:\Users\oleg\AppData\Local\Temp\boot.elf.dedcnf.ltrans0.ltrans.o
 .bss.__malloc_free_list
                0x20000104        0x4 c:/gnu_arm_embedded/bin/../lib/gcc/arm-none-eabi/9.2.1/../../../../arm-none-eabi/lib/thumb/v7-m/nofp\libc_nano.a(lib_a-nano-mallocr.o)
                0x20000104                __malloc_free_list
 *(COMMON)
 COMMON         0x20000108        0x9 c:/gnu_arm_embedded/bin/../lib/gcc/arm-none-eabi/9.2.1/../../../../arm-none-eabi/lib/thumb/v7-m/nofp\libc_nano.a(lib_a-lock.o)
                0x20000108                __lock___atexit_recursive_mutex
                0x20000109                __lock___arc4random_mutex
                0x2000010a                __lock___env_recursive_mutex
                0x2000010b                __lock___sinit_recursive_mutex
                0x2000010c                __lock___malloc_recursive_mutex
                0x2000010d                __lock___at_quick_exit_mutex
                0x2000010e                __lock___dd_hash_mutex
                0x2000010f                __lock___tz_mutex
                0x20000110                __lock___sfp_recursive_mutex
                0x20000114                . = ALIGN (0x4)
 *fill*         0x20000111        0x3 
                0x20000114                _ebss = .
                0x20000114                __bss_end__ = _ebss

._user_heap_stack
                0x20000114      0x604 load address 0x08000b88
                0x20000118                . = ALIGN (0x8)
 *fill*         0x20000114        0x4 
                0x20000118                PROVIDE (end = .)
                [!provide]                PROVIDE (_end = .)
                0x20000318                . = (. + _Min_Heap_Size)
 *fill*         0x20000118      0x200 
                0x20000718                . = (. + _Min_Stack_Size)
 *fill*         0x20000318      0x400 
                0x20000718                . = ALIGN (0x8)

/DISCARD/
 libc.a(*)
 libm.a(*)
 libgcc.a(*)

.ARM.attributes
                0x00000000       0x29
 *(.ARM.attributes)
 .ARM.attributes
                0x00000000       0x1d c:/gnu_arm_embedded/bin/../lib/gcc/arm-none-eabi/9.2.1/thumb/v7-m/nofp/crti.o
 .ARM.attributes
                0x0000001d       0x2d c:/gnu_arm_embedded/bin/../lib/gcc/arm-none-eabi/9.2.1/thumb/v7-m/nofp/crtbegin.o
 .ARM.attributes
                0x0000004a       0x2b C:\Users\oleg\AppData\Local\Temp\boot.elf.dedcnf.ltrans0.ltrans.o
 .ARM.attributes
                0x00000075       0x21 CMakeFiles/boot.elf.dir/system/CMSIS/Device/Source/startup_stm32f103xb.S.obj
 .ARM.attributes
                0x00000096       0x2d c:/gnu_arm_embedded/bin/../lib/gcc/arm-none-eabi/9.2.1/../../../../arm-none-eabi/lib/thumb/v7-m/nofp\libstdc++_nano.a(del_ops.o)
 .ARM.attributes
                0x000000c3       0x2d c:/gnu_arm_embedded/bin/../lib/gcc/arm-none-eabi/9.2.1/../../../../arm-none-eabi/lib/thumb/v7-m/nofp\libstdc++_nano.a(del_op.o)
 .ARM.attributes
                0x000000f0       0x2d c:/gnu_arm_embedded/bin/../lib/gcc/arm-none-eabi/9.2.1/../../../../arm-none-eabi/lib/thumb/v7-m/nofp\libc_nano.a(lib_a-impure.o)
 .ARM.attributes
                0x0000011d       0x2d c:/gnu_arm_embedded/bin/../lib/gcc/arm-none-eabi/9.2.1/../../../../arm-none-eabi/lib/thumb/v7-m/nofp\libc_nano.a(lib_a-init.o)
 .ARM.attributes
                0x0000014a       0x2d c:/gnu_arm_embedded/bin/../lib/gcc/arm-none-eabi/9.2.1/../../../../arm-none-eabi/lib/thumb/v7-m/nofp\libc_nano.a(lib_a-malloc.o)
 .ARM.attributes
                0x00000177       0x2d c:/gnu_arm_embedded/bin/../lib/gcc/arm-none-eabi/9.2.1/../../../../arm-none-eabi/lib/thumb/v7-m/nofp\libc_nano.a(lib_a-memcpy-stub.o)
 .ARM.attributes
                0x000001a4       0x2d c:/gnu_arm_embedded/bin/../lib/gcc/arm-none-eabi/9.2.1/../../../../arm-none-eabi/lib/thumb/v7-m/nofp\libc_nano.a(lib_a-nano-freer.o)
 .ARM.attributes
                0x000001d1       0x2d c:/gnu_arm_embedded/bin/../lib/gcc/arm-none-eabi/9.2.1/../../../../arm-none-eabi/lib/thumb/v7-m/nofp\libc_nano.a(lib_a-nano-mallocr.o)
 .ARM.attributes
                0x000001fe       0x2d c:/gnu_arm_embedded/bin/../lib/gcc/arm-none-eabi/9.2.1/../../../../arm-none-eabi/lib/thumb/v7-m/nofp\libc_nano.a(lib_a-mlock.o)
 .ARM.attributes
                0x0000022b       0x2d c:/gnu_arm_embedded/bin/../lib/gcc/arm-none-eabi/9.2.1/../../../../arm-none-eabi/lib/thumb/v7-m/nofp\libc_nano.a(lib_a-lock.o)
 .ARM.attributes
                0x00000258       0x1d c:/gnu_arm_embedded/bin/../lib/gcc/arm-none-eabi/9.2.1/thumb/v7-m/nofp/crtn.o
OUTPUT(boot.elf elf32-littlearm)

.comment        0x00000000       0x79
 .comment       0x00000000       0x79 C:\Users\oleg\AppData\Local\Temp\boot.elf.dedcnf.ltrans0.ltrans.o
                                 0x7a (size before relaxing)

.debug_frame    0x00000000      0x20c
 .debug_frame   0x00000000       0x20 c:/gnu_arm_embedded/bin/../lib/gcc/arm-none-eabi/9.2.1/../../../../arm-none-eabi/lib/thumb/v7-m/nofp\libstdc++_nano.a(del_ops.o)
 .debug_frame   0x00000020       0x20 c:/gnu_arm_embedded/bin/../lib/gcc/arm-none-eabi/9.2.1/../../../../arm-none-eabi/lib/thumb/v7-m/nofp\libstdc++_nano.a(del_op.o)
 .debug_frame   0x00000040       0x2c c:/gnu_arm_embedded/bin/../lib/gcc/arm-none-eabi/9.2.1/../../../../arm-none-eabi/lib/thumb/v7-m/nofp\libc_nano.a(lib_a-init.o)
 .debug_frame   0x0000006c       0x30 c:/gnu_arm_embedded/bin/../lib/gcc/arm-none-eabi/9.2.1/../../../../arm-none-eabi/lib/thumb/v7-m/nofp\libc_nano.a(lib_a-malloc.o)
 .debug_frame   0x0000009c       0x28 c:/gnu_arm_embedded/bin/../lib/gcc/arm-none-eabi/9.2.1/../../../../arm-none-eabi/lib/thumb/v7-m/nofp\libc_nano.a(lib_a-memcpy-stub.o)
 .debug_frame   0x000000c4       0x38 c:/gnu_arm_embedded/bin/../lib/gcc/arm-none-eabi/9.2.1/../../../../arm-none-eabi/lib/thumb/v7-m/nofp\libc_nano.a(lib_a-nano-freer.o)
 .debug_frame   0x000000fc       0x30 c:/gnu_arm_embedded/bin/../lib/gcc/arm-none-eabi/9.2.1/../../../../arm-none-eabi/lib/thumb/v7-m/nofp\libc_nano.a(lib_a-nano-mallocr.o)
 .debug_frame   0x0000012c       0x30 c:/gnu_arm_embedded/bin/../lib/gcc/arm-none-eabi/9.2.1/../../../../arm-none-eabi/lib/thumb/v7-m/nofp\libc_nano.a(lib_a-mlock.o)
 .debug_frame   0x0000015c       0xb0 c:/gnu_arm_embedded/bin/../lib/gcc/arm-none-eabi/9.2.1/../../../../arm-none-eabi/lib/thumb/v7-m/nofp\libc_nano.a(lib_a-lock.o)
